                   	seqs	aligns	multAlnSeqs
             total:	2	4	2
      drop minSpan:	2	2	0
              kept:	2	2	0
