                   	seqs	aligns	multAlnSeqs
             total:	1	2	1
     drop minCover:	1	1	0
              kept:	1	1	0
