chr22  34,352,072    Depth 31  0.00%    Coverage 29  0.00%    Align 28  0.00%    Exact Match 21  0.00%    MisMatch 7  0.00%    
 1          26 0.000%
 2           3 0.000%
 0 to  9:   29.000000 0.000%

all    34,352,072    Depth 31  0.00%    Coverage 29  0.00%    Align 28  0.00%    Exact Match 21  0.00%    MisMatch 7  0.00%    
 1          26 0.000%
 2           3 0.000%
 0 to  9:   29.000000 0.000%


all	29	0.00	28	0.00	21	0.00	7	0.00
chr22	29	0.00	28	0.00	21	0.00	7	0.00
