                   	seqs	aligns
             total:	31	473
   drop globalBest:	29	396
              kept:	31	77
