                   	seqs	aligns	multAlnSeqs
             total:	5	5	0
              kept:	2	2	0
     drop min size:	3	3	0
