                   	seqs	aligns
             total:	1	12
              kept:	1	2
    drop maxAligns:	1	10
