                   	seqs	aligns	multAlnSeqs
             total:	2	4	2
      drop minSpan:	1	1	0
              kept:	2	3	1
