                   	seqs	aligns
             total:	31	473
        weird over:	5	17
     drop minCover:	28	389
        kept weird:	3	11
              kept:	11	84
