                   	seqs	aligns	multAlnSeqs
             total:	1	9	1
              kept:	1	5	1
  drop maxRepMatch:	1	4	1
