query/alignment counts:
             total:	1	12
              kept:	1	6
     drop minIdent:	1	5
     drop minCover:	1	1
