file: wgEncodeHudsonalphaMethylSeqAlignmentsRep1Htc116.tagAlign.gz
cell: HTC116
replicate: 1
data RESTRICTED UNTIL: 2009-11-06

