query/alignment counts:
             total:	2	2
              kept:	2	2
