Clustering by numeric value:
(2.562:13.375:
 (-4.125:5.750:
  (-1.250:3.500:
   (0.500:1.000:
    {1.000},
    {0.000}
   ),
   {-3.000}
  ),
  (-7.000:2.000:
   {-6.000},
   {-8.000}
  )
 ),
 (9.250:5.500:
  (6.500:2.000:
   (5.500:1.000:
    {6.000},
    {5.000}
   ),
   (7.500:1.000:
    {8.000},
    {7.000}
   )
  ),
  {12.000}
 )
)
Clustering by string length:
(there i:6:
 (there it w:4:
  (there it was:1:
   {there it is},
   {there it was}
  ),
  {is there}
 ),
 (is i:2:
  (is it:0:
   {is it},
   {three}
  ),
  (one:0:
   {one},
   {two}
  )
 )
)
