input/20091110_pilot1_vcf_merged_call_sets_YRI.2and3_way.vcf.gz:-1: There is no INFO header defining "LOD"
input/20091110_pilot1_vcf_merged_call_sets_YRI.2and3_way.vcf.gz:-1: There is no INFO header defining "SLOD"
input/20091110_pilot1_vcf_merged_call_sets_YRI.2and3_way.vcf.gz:-1: There is no INFO header defining "LOD"
input/20091110_pilot1_vcf_merged_call_sets_YRI.2and3_way.vcf.gz:-1: There is no INFO header defining "SLOD"
input/20091110_pilot1_vcf_merged_call_sets_YRI.2and3_way.vcf.gz:-1: There is no INFO header defining "LOD"
input/20091110_pilot1_vcf_merged_call_sets_YRI.2and3_way.vcf.gz:-1: There is no INFO header defining "SLOD"
input/20091110_pilot1_vcf_merged_call_sets_YRI.2and3_way.vcf.gz:-1: There is no INFO header defining "LOD"
input/20091110_pilot1_vcf_merged_call_sets_YRI.2and3_way.vcf.gz:-1: There is no INFO header defining "SLOD"
input/20091110_pilot1_vcf_merged_call_sets_YRI.2and3_way.vcf.gz:-1: There is no INFO header defining "LOD"
input/20091110_pilot1_vcf_merged_call_sets_YRI.2and3_way.vcf.gz:-1: There is no INFO header defining "SLOD"
input/20091110_pilot1_vcf_merged_call_sets_YRI.2and3_way.vcf.gz:-1: There is no INFO header defining "LOD"
input/20091110_pilot1_vcf_merged_call_sets_YRI.2and3_way.vcf.gz:-1: There is no INFO header defining "SLOD"
input/20091110_pilot1_vcf_merged_call_sets_YRI.2and3_way.vcf.gz:-1: There is no INFO header defining "LOD"
input/20091110_pilot1_vcf_merged_call_sets_YRI.2and3_way.vcf.gz:-1: There is no INFO header defining "SLOD"
input/20091110_pilot1_vcf_merged_call_sets_YRI.2and3_way.vcf.gz:-1: There is no INFO header defining "LOD"
input/20091110_pilot1_vcf_merged_call_sets_YRI.2and3_way.vcf.gz:-1: There is no INFO header defining "SLOD"
input/20091110_pilot1_vcf_merged_call_sets_YRI.2and3_way.vcf.gz:-1: There is no INFO header defining "LOD"
input/20091110_pilot1_vcf_merged_call_sets_YRI.2and3_way.vcf.gz:-1: There is no INFO header defining "SLOD"
input/20091110_pilot1_vcf_merged_call_sets_YRI.2and3_way.vcf.gz:-1: There is no INFO header defining "LOD"
input/20091110_pilot1_vcf_merged_call_sets_YRI.2and3_way.vcf.gz:-1: There is no INFO header defining "SLOD"
input/20091110_pilot1_vcf_merged_call_sets_YRI.2and3_way.vcf.gz:-1: There is no INFO header defining "LOD"
input/20091110_pilot1_vcf_merged_call_sets_YRI.2and3_way.vcf.gz:-1: There is no INFO header defining "SLOD"
input/20091110_pilot1_vcf_merged_call_sets_YRI.2and3_way.vcf.gz:-1: There is no INFO header defining "LOD"
input/20091110_pilot1_vcf_merged_call_sets_YRI.2and3_way.vcf.gz:-1: There is no INFO header defining "SLOD"
input/20091110_pilot1_vcf_merged_call_sets_YRI.2and3_way.vcf.gz:-1: There is no INFO header defining "LOD"
input/20091110_pilot1_vcf_merged_call_sets_YRI.2and3_way.vcf.gz:-1: There is no INFO header defining "SLOD"
input/20091110_pilot1_vcf_merged_call_sets_YRI.2and3_way.vcf.gz:-1: There is no INFO header defining "LOD"
input/20091110_pilot1_vcf_merged_call_sets_YRI.2and3_way.vcf.gz:-1: There is no INFO header defining "SLOD"
Finished parsing "input/20091110_pilot1_vcf_merged_call_sets_YRI.2and3_way.vcf.gz" items in 1:3001-50000, got 14 data rows
First (up to) 100 rows in range:
1	3164	3165	.:C/T	145.100006
1	4769	4770	.:A/G	379.500000
1	4792	4793	.:A/G	846.099976
1	6119	6120	.:G/C	128.600006
1	6240	6241	.:T/C	100.500000
1	9651	9652	.:G/A	6.500000
1	9992	9993	.:G/A	730.400024
1	16861	16862	.:A/G	138.899994
1	18425	18426	.:A/G	176.100006
1	20747	20748	.:T/C	51.900002
1	39160	39161	.:T/C	223.899994
1	44570	44571	.:G/C	20.100000
1	45161	45162	.:C/T	668.700012
1	48676	48677	.:G/A	245.899994
