Finished parsing "input/YRI.trio.2010_06.novelsequences.sites.vcf.gz", got 5 data rows
First (up to) 100 rows in range:
2	26790859	26790860	ns17:T/<INS>	0.000000
2	46973363	46973364	ns18:GTTCAGTCCTGTGGGACTTGAGCCACTGAGG/<INS>	0.000000
2	76637609	76637610	ns19:G/<INS>	0.000000
2	171613232	171613587	ns20:C/<INS>	0.000000
2	194631352	194631353	ns21:G/<INS>	0.000000
