                   	seqs	aligns
             total:	6	17
              kept:	6	17
