                   	seqs	aligns
             total:	1	9
drop minNonRepSize:	1	4
              kept:	1	5
