                   	seqs	aligns
             total:	6	60
        weird over:	2	15
   drop globalBest:	3	42
        kept weird:	1	4
              kept:	6	18
