#bin	chrom	chromStart	chromEnd	name	alleleCount	alleleFreq	alleleScores	name	chrom	strand	txStart	txEnd	cdsStart	cdsEnd	exonCount	exonStarts	exonEnds	proteinID	alignID	soNumber	soOther0	soOther1	soOther2	soOther3	soOther4	soOther5	soOther6
1817	chr1	161481035	161481036	A/G	2	0,0	100,100	uc021pda.1	chr1	+	161475204	161489360	161475204	161475204	7	161475204	161475342		uc021pda.1	1627	uc021pda.1	4					
1817	chr1	161481035	161481036	A/G	2	0,0	100,100	uc021pcz.1	chr1	+	161475204	161489360	161475204	161475204	7	161475204	161475342		uc021pcz.1	1627	uc021pcz.1	4					
1817	chr1	161481035	161481036	A/G	2	0,0	100,100	uc001gam.3	chr1	+	161475204	161489360	161475257	161487938	7	161475204	161475342	P12318-2	uc001gam.3	1627	uc001gam.3	4					
1817	chr1	161481035	161481036	A/G	2	0,0	100,100	uc001gan.3	chr1	+	161475204	161489360	161475257	161487938	7	161475204	161475342	P12318	uc001gan.3	1627	uc001gan.3	4					
#bin	chrom	chromStart	chromEnd	name	alleleCount	alleleFreq	alleleScores	name	chrom	strand	txStart	txEnd	cdsStart	cdsEnd	exonCount	exonStarts	exonEnds	proteinID	alignID	soNumber	soOther0	soOther1	soOther2	soOther3	soOther4	soOther5	soOther6
1816	chr1	161473872	161473873	C/A	2	0,0	100,100																				
#bin	chrom	chromStart	chromEnd	name	alleleCount	alleleFreq	alleleScores	name	chrom	strand	txStart	txEnd	cdsStart	cdsEnd	exonCount	exonStarts	exonEnds	proteinID	alignID	soNumber	soOther0	soOther1	soOther2	soOther3	soOther4	soOther5	soOther6
1816	chr1	161476203	161476204	T/C	2	0,0	100,100	uc021pda.1	chr1	+	161475204	161489360	161475204	161475204	7	161475204	161475342		uc021pda.1	0							
1816	chr1	161476203	161476204	T/C	2	0,0	100,100	uc021pcz.1	chr1	+	161475204	161489360	161475204	161475204	7	161475204	161475342		uc021pcz.1	0							
1816	chr1	161476203	161476204	T/C	2	0,0	100,100	uc001gam.3	chr1	+	161475204	161489360	161475257	161487938	7	161475204	161475342	P12318-2	uc001gam.3	1818	uc001gam.3	2	236	183	61		
1816	chr1	161476203	161476204	T/C	2	0,0	100,100	uc001gan.3	chr1	+	161475204	161489360	161475257	161487938	7	161475204	161475342	P12318	uc001gan.3	1818	uc001gan.3	2	239	186	62		
1816	chr1	161476204	161476205	G/A	2	0,0	100,100	uc021pda.1	chr1	+	161475204	161489360	161475204	161475204	7	161475204	161475342		uc021pda.1	0							
1816	chr1	161476204	161476205	G/A	2	0,0	100,100	uc021pcz.1	chr1	+	161475204	161489360	161475204	161475204	7	161475204	161475342		uc021pcz.1	0							
1816	chr1	161476204	161476205	G/A	2	0,0	100,100	uc001gam.3	chr1	+	161475204	161489360	161475257	161487938	7	161475204	161475342	P12318-2	uc001gam.3	1818	uc001gam.3	2	237	184	61		
1816	chr1	161476204	161476205	G/A	2	0,0	100,100	uc001gan.3	chr1	+	161475204	161489360	161475257	161487938	7	161475204	161475342	P12318	uc001gan.3	1818	uc001gan.3	2	240	187	62		
