query/alignment counts:
             total:	5	15
              kept:	5	11
        weird over:	2	7
        kept weird:	2	6
      drop overlap:	2	3
    drop idNearTop:	1	1
