                   	seqs	aligns
             total:	2	11
drop minNonRepSize:	2	6
              kept:	1	5
