                   	seqs	aligns	multAlnSeqs
             total:	31	473	30
    drop localBest:	25	330	20
              kept:	31	143	27
