                   	seqs	aligns
             total:	6	60
        weird over:	2	15
    drop localBest:	6	52
        kept weird:	1	2
              kept:	6	8
