NT_030737.8	2	EXON	6059676	6059776	NM_000015.1	-	1	101	98	95
NT_030737.8	2	EXON	6068429	6069603	NM_000015.1	-	102	1276	99.9	1172
NT_026943.13	3	EXON	1010456	1010676	NM_000016.2	-	1	221	100	221
NT_026943.13	3	EXON	1014260	1014347	NM_000016.2	-	222	309	100	88
NT_026943.13	3	EXON	1018503	1018600	NM_000016.2	-	310	407	100	98
NT_026943.13	3	EXON	1018712	1018781	NM_000016.2	-	408	477	100	70
NT_026943.13	3	EXON	1019387	1019487	NM_000016.2	-	478	578	100	101
NT_026943.13	3	EXON	1020650	1020730	NM_000016.2	-	579	659	100	81
NT_026943.13	3	EXON	1025839	1025969	NM_000016.2	-	660	790	100	131
NT_026943.13	3	EXON	1031665	1031773	NM_000016.2	-	791	899	100	109
NT_026943.13	3	EXON	1035278	1035418	NM_000016.2	-	900	1040	100	141
NT_026943.13	3	EXON	1036310	1036405	NM_000016.2	-	1041	1136	100	96
NT_026943.13	3	EXON	1046981	1047229	NM_000016.2	-	1137	1385	100	249
NT_026943.13	3	EXON	1048551	1049357	NM_000016.2	-	1386	2192	100	807
NT_011362.8	9	EXON	8333258	8333131	NM_000022.1	-	1	128	100	128
NT_011362.8	9	EXON	8317844	8317783	NM_000022.1	-	129	190	98.4	59
NT_011362.8	9	EXON	8310725	8310603	NM_000022.1	-	191	313	99.2	120
NT_011362.8	9	EXON	8308155	8308012	NM_000022.1	-	314	457	100	144
NT_011362.8	9	EXON	8307240	8307125	NM_000022.1	-	458	573	100	116
NT_011362.8	9	EXON	8305885	8305758	NM_000022.1	-	574	701	99.2	125
NT_011362.8	9	EXON	8304634	8304563	NM_000022.1	-	702	773	100	72
NT_011362.8	9	EXON	8304486	8304385	NM_000022.1	-	774	875	100	102
NT_011362.8	9	EXON	8304208	8304144	NM_000022.1	-	876	940	100	65
NT_011362.8	9	EXON	8302703	8302574	NM_000022.1	-	941	1070	100	130
NT_011362.8	9	EXON	8301957	8301855	NM_000022.1	-	1071	1173	100	103
NT_011362.8	9	EXON	8301403	8301079	NM_000022.1	-	1174	1497	99.7	317
NT_028050.13	15	EXON	8504989	8505398	NM_000028.1	-	1	410	100	410
NT_028050.13	15	EXON	8505475	8505624	NM_000028.1	-	411	560	99.3	147
NT_028050.13	15	EXON	8516003	8516213	NM_000028.1	-	561	771	100	211
NT_028050.13	15	EXON	8516757	8516923	NM_000028.1	-	772	938	100	167
NT_028050.13	15	EXON	8518886	8519089	NM_000028.1	-	939	1142	100	204
NT_028050.13	15	EXON	8524900	8525081	NM_000028.1	-	1143	1324	100	182
NT_028050.13	15	EXON	8525258	8525369	NM_000028.1	-	1325	1436	100	112
NT_028050.13	15	EXON	8529187	8529310	NM_000028.1	-	1437	1560	100	124
NT_028050.13	15	EXON	8529654	8529756	NM_000028.1	-	1561	1663	100	103
NT_028050.13	15	EXON	8529858	8529955	NM_000028.1	-	1664	1761	100	98
NT_028050.13	15	EXON	8530958	8531097	NM_000028.1	-	1762	1901	100	140
NT_028050.13	15	EXON	8532141	8532328	NM_000028.1	-	1902	2089	100	188
NT_028050.13	15	EXON	8534423	8534546	NM_000028.1	-	2090	2213	100	124
NT_028050.13	15	EXON	8535132	8535295	NM_000028.1	-	2214	2377	100	164
NT_028050.13	15	EXON	8535576	8535677	NM_000028.1	-	2378	2479	100	102
NT_028050.13	15	EXON	8535792	8535947	NM_000028.1	-	2480	2635	100	156
NT_028050.13	15	EXON	8536041	8536191	NM_000028.1	-	2636	2786	100	151
NT_028050.13	15	EXON	8538620	8538744	NM_000028.1	-	2787	2911	100	125
NT_028050.13	15	EXON	8538839	8538951	NM_000028.1	-	2912	3024	100	113
NT_028050.13	15	EXON	8539069	8539203	NM_000028.1	-	3025	3159	100	135
NT_028050.13	15	EXON	8542478	8542608	NM_000028.1	-	3160	3290	100	131
NT_028050.13	15	EXON	8545720	8545856	NM_000028.1	-	3291	3427	100	137
NT_028050.13	15	EXON	8546106	8546239	NM_000028.1	-	3428	3561	100	134
NT_028050.13	15	EXON	8546932	8547107	NM_000028.1	-	3562	3737	100	176
NT_028050.13	15	EXON	8550786	8550888	NM_000028.1	-	3738	3840	100	103
NT_028050.13	15	EXON	8555136	8555361	NM_000028.1	-	3841	4066	99.6	223
NT_028050.13	15	EXON	8557183	8557294	NM_000028.1	-	4067	4178	100	112
NT_028050.13	15	EXON	8565212	8565347	NM_000028.1	-	4179	4314	100	136
NT_028050.13	15	EXON	8566905	8567017	NM_000028.1	-	4315	4427	100	113
NT_028050.13	15	EXON	8568027	8568238	NM_000028.1	-	4428	4639	100	212
NT_028050.13	15	EXON	8569889	8569986	NM_000028.1	-	4640	4737	99	95
NT_028050.13	15	EXON	8570910	8570997	NM_000028.1	-	4738	4825	100	88
NT_028050.13	15	EXON	8571098	8571231	NM_000028.1	-	4826	4959	100	134
NT_028050.13	15	EXON	8576034	8578520	NM_000028.1	-	4960	7444	99.7	2445
NT_011630.14	19	EXON	2611497	2611461	NM_000032.1	-	1	37	100	37
NT_011630.14	19	EXON	2606534	2606339	NM_000032.1	-	38	233	100	196
NT_011630.14	19	EXON	2605359	2605237	NM_000032.1	-	234	356	100	123
NT_011630.14	19	EXON	2604386	2604276	NM_000032.1	-	357	467	100	111
NT_011630.14	19	EXON	2601793	2601571	NM_000032.1	-	468	690	99.6	220
NT_011630.14	19	EXON	2601023	2600839	NM_000032.1	-	691	875	100	185
NT_011630.14	19	EXON	2598184	2598005	NM_000032.1	-	876	1055	100	180
NT_011630.14	19	EXON	2596261	2596097	NM_000032.1	-	1056	1220	100	165
NT_011630.14	19	EXON	2595534	2595266	NM_000032.1	-	1221	1489	100	269
NT_011630.14	19	EXON	2594167	2594005	NM_000032.1	-	1490	1652	100	163
NT_011630.14	19	EXON	2589862	2589578	NM_000032.1	-	1653	1937	100	285
NT_028050.13	100	EXON	6575523	6575384	NM_000110.2	-	1	140	100	140
NT_028050.13	100	EXON	6537874	6537764	NM_000110.2	-	141	251	99.1	108
NT_028050.13	100	EXON	6482696	6482614	NM_000110.2	-	252	334	100	83
NT_028050.13	100	EXON	6394979	6394892	NM_000110.2	-	335	422	100	88
NT_028050.13	100	EXON	6376171	6376010	NM_000110.2	-	423	584	99.4	159
NT_028050.13	100	EXON	6354047	6353851	NM_000110.2	-	585	781	100	197
NT_028050.13	100	EXON	6346298	6346217	NM_000110.2	-	782	863	100	82
NT_028050.13	100	EXON	6333682	6333595	NM_000110.2	-	864	951	100	88
NT_028050.13	100	EXON	6249666	6249559	NM_000110.2	-	952	1059	100	108
NT_028050.13	100	EXON	6247887	6247718	NM_000110.2	-	1060	1229	98.8	164
NT_028050.13	100	EXON	6228470	6228260	NM_000110.2	-	1230	1440	99.5	208
NT_028050.13	100	EXON	6204244	6204060	NM_000110.2	-	1441	1625	100	185
NT_028050.13	100	EXON	6170441	6170226	NM_000110.2	-	1626	1841	100	216
NT_028050.13	100	EXON	6104723	6104559	NM_000110.2	-	1842	2006	99.4	162
NT_028050.13	100	EXON	6036961	6036893	NM_000110.2	-	2007	2075	100	69
NT_028050.13	100	EXON	6028144	6028061	NM_000110.2	-	2076	2159	100	84
NT_028050.13	100	GAP	26	-	NM_000110.2	-	2160	2185	-	-
NT_028050.13	100	EXON	6018295	6018286	NM_000110.2	-	2186	2195	70	1
NT_028050.13	100	GAP	21	-	NM_000110.2	-	2196	2216	-	-
NT_028050.13	100	EXON	6013612	6013599	NM_000110.2	-	2217	2230	71.4	2
NT_028050.13	100	GAP	44	-	NM_000110.2	-	2231	2274	-	-
NT_028050.13	100	EXON	6003378	6003355	NM_000110.2	-	2275	2298	75	6
NT_028050.13	100	GAP	91	-	NM_000110.2	-	2299	2389	-	-
NT_028050.13	100	EXON	5956155	5956145	NM_000110.2	-	2390	2400	72.7	2
NT_028050.13	100	EXON	5898372	5898230	NM_000110.2	-	2401	2543	100	143
NT_028050.13	100	EXON	5856626	5856447	NM_000110.2	-	2544	2723	100	180
NT_028050.13	100	EXON	5762010	5761867	NM_000110.2	-	2724	2867	99.3	141
NT_028050.13	100	EXON	5745848	5745708	NM_000110.2	-	2868	3008	100	141
NT_028050.13	100	EXON	5742524	5741124	NM_000110.2	-	3009	4407	98.7	1328
NT_028050.13	347	EXON	2784501	2784358	NM_000350.1	-	4	147	100	144
NT_028050.13	347	EXON	2776444	2776351	NM_000350.1	-	148	241	98.9	91
NT_028050.13	347	EXON	2774957	2774816	NM_000350.1	-	242	383	100	142
NT_028050.13	347	EXON	2772094	2771955	NM_000350.1	-	384	523	100	140
NT_028050.13	347	EXON	2766520	2766393	NM_000350.1	-	524	651	100	128
NT_028050.13	347	EXON	2762369	2762172	NM_000350.1	-	652	849	100	198
NT_028050.13	347	EXON	2746819	2746730	NM_000350.1	-	850	939	100	90
NT_028050.13	347	EXON	2744096	2743856	NM_000350.1	-	940	1180	100	241
NT_028050.13	347	EXON	2742839	2742700	NM_000350.1	-	1181	1320	100	140
NT_028050.13	347	EXON	2742084	2741968	NM_000350.1	-	1321	1437	100	117
NT_028050.13	347	EXON	2741265	2741068	NM_000350.1	-	1438	1635	100	198
NT_028050.13	347	EXON	2726695	2726490	NM_000350.1	-	1636	1841	100	206
NT_028050.13	347	EXON	2726131	2725955	NM_000350.1	-	1842	2018	100	177
NT_028050.13	347	EXON	2724137	2723915	NM_000350.1	-	2019	2241	100	223
NT_028050.13	347	EXON	2720200	2719979	NM_000350.1	-	2242	2463	100	222
NT_028050.13	347	EXON	2718693	2718489	NM_000350.1	-	2464	2668	98.5	196
NT_028050.13	347	EXON	2715076	2715011	NM_000350.1	-	2669	2734	98.5	63
NT_028050.13	347	EXON	2712335	2712246	NM_000350.1	-	2735	2824	100	90
NT_028050.13	347	EXON	2710471	2710297	NM_000350.1	-	2825	2999	100	175
NT_028050.13	347	EXON	2708122	2707991	NM_000350.1	-	3000	3131	100	132
NT_028050.13	347	EXON	2706853	2706714	NM_000350.1	-	3132	3271	100	140
NT_028050.13	347	EXON	2706276	2706139	NM_000350.1	-	3272	3409	100	138
NT_028050.13	347	EXON	2704780	2704587	NM_000350.1	-	3410	3603	97.9	182
NT_028050.13	347	EXON	2703505	2703421	NM_000350.1	-	3604	3688	100	85
NT_028050.13	347	EXON	2700728	2700523	NM_000350.1	-	3689	3894	100	206
NT_028050.13	347	EXON	2700166	2700118	NM_000350.1	-	3895	3943	100	49
NT_028050.13	347	EXON	2695421	2695156	NM_000350.1	-	3944	4209	100	266
NT_028050.13	347	EXON	2694498	2694374	NM_000350.1	-	4210	4334	99.2	122
NT_028050.13	347	EXON	2693904	2693806	NM_000350.1	-	4335	4433	100	99
NT_028050.13	347	EXON	2693009	2692823	NM_000350.1	-	4434	4620	100	187
NT_028050.13	347	EXON	2688426	2688332	NM_000350.1	-	4621	4715	100	95
NT_028050.13	347	EXON	2686796	2686764	NM_000350.1	-	4716	4748	100	33
NT_028050.13	347	EXON	2685329	2685224	NM_000350.1	-	4749	4854	100	106
NT_028050.13	347	EXON	2685092	2685018	NM_000350.1	-	4855	4929	100	75
NT_028050.13	347	EXON	2684787	2684618	NM_000350.1	-	4930	5099	100	170
NT_028050.13	347	EXON	2683137	2682960	NM_000350.1	-	5100	5277	100	178
NT_028050.13	347	EXON	2679232	2679117	NM_000350.1	-	5278	5393	100	116
NT_028050.13	347	EXON	2678068	2677921	NM_000350.1	-	5394	5541	99.3	145
NT_028050.13	347	EXON	2674763	2674640	NM_000350.1	-	5542	5665	100	124
NT_028050.13	347	EXON	2674307	2674178	NM_000350.1	-	5666	5795	100	130
NT_028050.13	347	EXON	2672249	2672129	NM_000350.1	-	5796	5916	100	121
NT_028050.13	347	EXON	2671675	2671613	NM_000350.1	-	5917	5979	96.8	57
NT_028050.13	347	EXON	2671118	2671012	NM_000350.1	-	5980	6086	100	107
NT_028050.13	347	EXON	2668960	2668819	NM_000350.1	-	6087	6228	99.3	139
NT_028050.13	347	EXON	2665370	2665236	NM_000350.1	-	6229	6363	100	135
NT_028050.13	347	EXON	2664483	2664380	NM_000350.1	-	6364	6467	99	101
NT_028050.13	347	EXON	2664306	2664214	NM_000350.1	-	6468	6560	100	93
NT_028050.13	347	EXON	2661488	2661239	NM_000350.1	-	6561	6810	100	250
NT_028050.13	347	EXON	2659573	2659487	NM_000350.1	-	6811	6897	100	87
NT_028050.13	347	EXON	2656620	2656215	NM_000350.1	-	6898	7304	99.8	399
NT_028050.13	640	EXON	8504584	8504915	NM_000642.1	-	1	332	100	332
NT_028050.13	640	EXON	8505475	8505624	NM_000642.1	-	333	482	99.3	147
NT_028050.13	640	EXON	8516003	8516213	NM_000642.1	-	483	693	100	211
NT_028050.13	640	EXON	8516757	8516923	NM_000642.1	-	694	860	100	167
NT_028050.13	640	EXON	8518886	8519089	NM_000642.1	-	861	1064	100	204
NT_028050.13	640	EXON	8524900	8525081	NM_000642.1	-	1065	1246	100	182
NT_028050.13	640	EXON	8525258	8525369	NM_000642.1	-	1247	1358	100	112
NT_028050.13	640	EXON	8529187	8529310	NM_000642.1	-	1359	1482	100	124
NT_028050.13	640	EXON	8529654	8529756	NM_000642.1	-	1483	1585	100	103
NT_028050.13	640	EXON	8529858	8529955	NM_000642.1	-	1586	1683	100	98
NT_028050.13	640	EXON	8530958	8531097	NM_000642.1	-	1684	1823	100	140
NT_028050.13	640	EXON	8532141	8532328	NM_000642.1	-	1824	2011	100	188
NT_028050.13	640	EXON	8534423	8534546	NM_000642.1	-	2012	2135	100	124
NT_028050.13	640	EXON	8535132	8535295	NM_000642.1	-	2136	2299	100	164
NT_028050.13	640	EXON	8535576	8535677	NM_000642.1	-	2300	2401	100	102
NT_028050.13	640	EXON	8535792	8535947	NM_000642.1	-	2402	2557	100	156
NT_028050.13	640	EXON	8536041	8536191	NM_000642.1	-	2558	2708	100	151
NT_028050.13	640	EXON	8538620	8538744	NM_000642.1	-	2709	2833	100	125
NT_028050.13	640	EXON	8538839	8538951	NM_000642.1	-	2834	2946	100	113
NT_028050.13	640	EXON	8539069	8539203	NM_000642.1	-	2947	3081	100	135
NT_028050.13	640	EXON	8542478	8542608	NM_000642.1	-	3082	3212	100	131
NT_028050.13	640	EXON	8545720	8545856	NM_000642.1	-	3213	3349	100	137
NT_028050.13	640	EXON	8546106	8546239	NM_000642.1	-	3350	3483	100	134
NT_028050.13	640	EXON	8546932	8547107	NM_000642.1	-	3484	3659	100	176
NT_028050.13	640	EXON	8550786	8550888	NM_000642.1	-	3660	3762	100	103
NT_028050.13	640	EXON	8555136	8555361	NM_000642.1	-	3763	3988	99.6	223
NT_028050.13	640	EXON	8557183	8557294	NM_000642.1	-	3989	4100	100	112
NT_028050.13	640	EXON	8565212	8565347	NM_000642.1	-	4101	4236	100	136
NT_028050.13	640	EXON	8566905	8567017	NM_000642.1	-	4237	4349	100	113
NT_028050.13	640	EXON	8568027	8568238	NM_000642.1	-	4350	4561	100	212
NT_028050.13	640	EXON	8569889	8569986	NM_000642.1	-	4562	4659	99	95
NT_028050.13	640	EXON	8570910	8570997	NM_000642.1	-	4660	4747	100	88
NT_028050.13	640	EXON	8571098	8571231	NM_000642.1	-	4748	4881	100	134
NT_028050.13	640	EXON	8576034	8578520	NM_000642.1	-	4882	7366	99.7	2445
NT_028050.13	641	EXON	8504989	8505118	NM_000643.1	-	1	130	100	130
NT_028050.13	641	EXON	8505475	8505624	NM_000643.1	-	131	280	99.3	147
NT_028050.13	641	EXON	8516003	8516213	NM_000643.1	-	281	491	100	211
NT_028050.13	641	EXON	8516757	8516923	NM_000643.1	-	492	658	100	167
NT_028050.13	641	EXON	8518886	8519089	NM_000643.1	-	659	862	100	204
NT_028050.13	641	EXON	8524900	8525081	NM_000643.1	-	863	1044	100	182
NT_028050.13	641	EXON	8525258	8525369	NM_000643.1	-	1045	1156	100	112
NT_028050.13	641	EXON	8529187	8529310	NM_000643.1	-	1157	1280	100	124
NT_028050.13	641	EXON	8529654	8529756	NM_000643.1	-	1281	1383	100	103
NT_028050.13	641	EXON	8529858	8529955	NM_000643.1	-	1384	1481	100	98
NT_028050.13	641	EXON	8530958	8531097	NM_000643.1	-	1482	1621	100	140
NT_028050.13	641	EXON	8532141	8532328	NM_000643.1	-	1622	1809	100	188
NT_028050.13	641	EXON	8534423	8534546	NM_000643.1	-	1810	1933	100	124
NT_028050.13	641	EXON	8535132	8535295	NM_000643.1	-	1934	2097	100	164
NT_028050.13	641	EXON	8535576	8535677	NM_000643.1	-	2098	2199	100	102
NT_028050.13	641	EXON	8535792	8535947	NM_000643.1	-	2200	2355	100	156
NT_028050.13	641	EXON	8536041	8536191	NM_000643.1	-	2356	2506	100	151
NT_028050.13	641	EXON	8538620	8538744	NM_000643.1	-	2507	2631	100	125
NT_028050.13	641	EXON	8538839	8538951	NM_000643.1	-	2632	2744	100	113
NT_028050.13	641	EXON	8539069	8539203	NM_000643.1	-	2745	2879	100	135
NT_028050.13	641	EXON	8542478	8542608	NM_000643.1	-	2880	3010	100	131
NT_028050.13	641	EXON	8545720	8545856	NM_000643.1	-	3011	3147	100	137
NT_028050.13	641	EXON	8546106	8546239	NM_000643.1	-	3148	3281	100	134
NT_028050.13	641	EXON	8546932	8547107	NM_000643.1	-	3282	3457	100	176
NT_028050.13	641	EXON	8550786	8550888	NM_000643.1	-	3458	3560	100	103
NT_028050.13	641	EXON	8555136	8555361	NM_000643.1	-	3561	3786	99.6	223
NT_028050.13	641	EXON	8557183	8557294	NM_000643.1	-	3787	3898	100	112
NT_028050.13	641	EXON	8565212	8565347	NM_000643.1	-	3899	4034	100	136
NT_028050.13	641	EXON	8566905	8567017	NM_000643.1	-	4035	4147	100	113
NT_028050.13	641	EXON	8568027	8568238	NM_000643.1	-	4148	4359	100	212
NT_028050.13	641	EXON	8569889	8569986	NM_000643.1	-	4360	4457	99	95
NT_028050.13	641	EXON	8570910	8570997	NM_000643.1	-	4458	4545	100	88
NT_028050.13	641	EXON	8571098	8571231	NM_000643.1	-	4546	4679	100	134
NT_028050.13	641	EXON	8576034	8578520	NM_000643.1	-	4680	7164	99.7	2445
NT_028050.13	642	EXON	8504989	8505118	NM_000644.1	-	1	130	100	130
NT_028050.13	642	EXON	8505535	8505624	NM_000644.1	-	131	220	100	90
NT_028050.13	642	EXON	8516003	8516213	NM_000644.1	-	221	431	100	211
NT_028050.13	642	EXON	8516757	8516923	NM_000644.1	-	432	598	100	167
NT_028050.13	642	EXON	8518886	8519089	NM_000644.1	-	599	802	100	204
NT_028050.13	642	EXON	8524900	8525081	NM_000644.1	-	803	984	100	182
NT_028050.13	642	EXON	8525258	8525369	NM_000644.1	-	985	1096	100	112
NT_028050.13	642	EXON	8529187	8529310	NM_000644.1	-	1097	1220	100	124
NT_028050.13	642	EXON	8529654	8529756	NM_000644.1	-	1221	1323	100	103
NT_028050.13	642	EXON	8529858	8529955	NM_000644.1	-	1324	1421	100	98
NT_028050.13	642	EXON	8530958	8531097	NM_000644.1	-	1422	1561	100	140
NT_028050.13	642	EXON	8532141	8532328	NM_000644.1	-	1562	1749	100	188
NT_028050.13	642	EXON	8534423	8534546	NM_000644.1	-	1750	1873	100	124
NT_028050.13	642	EXON	8535132	8535295	NM_000644.1	-	1874	2037	100	164
NT_028050.13	642	EXON	8535576	8535677	NM_000644.1	-	2038	2139	100	102
NT_028050.13	642	EXON	8535792	8535947	NM_000644.1	-	2140	2295	100	156
NT_028050.13	642	EXON	8536041	8536191	NM_000644.1	-	2296	2446	100	151
NT_028050.13	642	EXON	8538620	8538744	NM_000644.1	-	2447	2571	100	125
NT_028050.13	642	EXON	8538839	8538951	NM_000644.1	-	2572	2684	100	113
NT_028050.13	642	EXON	8539069	8539203	NM_000644.1	-	2685	2819	100	135
NT_028050.13	642	EXON	8542478	8542608	NM_000644.1	-	2820	2950	100	131
NT_028050.13	642	EXON	8545720	8545856	NM_000644.1	-	2951	3087	100	137
NT_028050.13	642	EXON	8546106	8546239	NM_000644.1	-	3088	3221	100	134
NT_028050.13	642	EXON	8546932	8547107	NM_000644.1	-	3222	3397	100	176
NT_028050.13	642	EXON	8550786	8550888	NM_000644.1	-	3398	3500	100	103
NT_028050.13	642	EXON	8555136	8555361	NM_000644.1	-	3501	3726	99.6	223
NT_028050.13	642	EXON	8557183	8557294	NM_000644.1	-	3727	3838	100	112
NT_028050.13	642	EXON	8565212	8565347	NM_000644.1	-	3839	3974	100	136
NT_028050.13	642	EXON	8566905	8567017	NM_000644.1	-	3975	4087	100	113
NT_028050.13	642	EXON	8568027	8568238	NM_000644.1	-	4088	4299	100	212
NT_028050.13	642	EXON	8569889	8569986	NM_000644.1	-	4300	4397	99	95
NT_028050.13	642	EXON	8570910	8570997	NM_000644.1	-	4398	4485	100	88
NT_028050.13	642	EXON	8571098	8571231	NM_000644.1	-	4486	4619	100	134
NT_028050.13	642	EXON	8576034	8578520	NM_000644.1	-	4620	7104	99.7	2445
NT_028050.13	643	EXON	8515710	8516213	NM_000645.1	-	1	506	99.6	495
NT_028050.13	643	EXON	8516757	8516923	NM_000645.1	-	507	673	100	167
NT_028050.13	643	EXON	8518886	8519089	NM_000645.1	-	674	877	100	204
NT_028050.13	643	EXON	8524900	8525081	NM_000645.1	-	878	1059	100	182
NT_028050.13	643	EXON	8525258	8525369	NM_000645.1	-	1060	1171	100	112
NT_028050.13	643	EXON	8529187	8529310	NM_000645.1	-	1172	1295	100	124
NT_028050.13	643	EXON	8529654	8529756	NM_000645.1	-	1296	1398	100	103
NT_028050.13	643	EXON	8529858	8529955	NM_000645.1	-	1399	1496	100	98
NT_028050.13	643	EXON	8530958	8531097	NM_000645.1	-	1497	1636	100	140
NT_028050.13	643	EXON	8532141	8532328	NM_000645.1	-	1637	1824	100	188
NT_028050.13	643	EXON	8534423	8534546	NM_000645.1	-	1825	1948	100	124
NT_028050.13	643	EXON	8535132	8535295	NM_000645.1	-	1949	2112	100	164
NT_028050.13	643	EXON	8535576	8535677	NM_000645.1	-	2113	2214	100	102
NT_028050.13	643	EXON	8535792	8535947	NM_000645.1	-	2215	2370	100	156
NT_028050.13	643	EXON	8536041	8536191	NM_000645.1	-	2371	2521	100	151
NT_028050.13	643	EXON	8538620	8538744	NM_000645.1	-	2522	2646	100	125
NT_028050.13	643	EXON	8538839	8538951	NM_000645.1	-	2647	2759	100	113
NT_028050.13	643	EXON	8539069	8539203	NM_000645.1	-	2760	2894	100	135
NT_028050.13	643	EXON	8542478	8542608	NM_000645.1	-	2895	3025	100	131
NT_028050.13	643	EXON	8545720	8545856	NM_000645.1	-	3026	3162	100	137
NT_028050.13	643	EXON	8546106	8546239	NM_000645.1	-	3163	3296	100	134
NT_028050.13	643	EXON	8546932	8547107	NM_000645.1	-	3297	3472	100	176
NT_028050.13	643	EXON	8550786	8550888	NM_000645.1	-	3473	3575	100	103
NT_028050.13	643	EXON	8555136	8555361	NM_000645.1	-	3576	3801	99.6	223
NT_028050.13	643	EXON	8557183	8557294	NM_000645.1	-	3802	3913	100	112
NT_028050.13	643	EXON	8565212	8565347	NM_000645.1	-	3914	4049	100	136
NT_028050.13	643	EXON	8566905	8567017	NM_000645.1	-	4050	4162	100	113
NT_028050.13	643	EXON	8568027	8568238	NM_000645.1	-	4163	4374	100	212
NT_028050.13	643	EXON	8569889	8569986	NM_000645.1	-	4375	4472	99	95
NT_028050.13	643	EXON	8570910	8570997	NM_000645.1	-	4473	4560	100	88
NT_028050.13	643	EXON	8571098	8571231	NM_000645.1	-	4561	4694	100	134
NT_028050.13	643	EXON	8576034	8578520	NM_000645.1	-	4695	7179	99.7	2445
NT_028050.13	644	EXON	8505475	8505624	NM_000646.1	-	1	150	99.3	147
NT_028050.13	644	EXON	8507061	8507203	NM_000646.1	-	151	293	99.3	140
NT_028050.13	644	EXON	8516003	8516213	NM_000646.1	-	294	504	100	211
NT_028050.13	644	EXON	8516757	8516923	NM_000646.1	-	505	671	100	167
NT_028050.13	644	EXON	8518886	8519089	NM_000646.1	-	672	875	100	204
NT_028050.13	644	EXON	8524900	8525081	NM_000646.1	-	876	1057	100	182
NT_028050.13	644	EXON	8525258	8525369	NM_000646.1	-	1058	1169	100	112
NT_028050.13	644	EXON	8529187	8529310	NM_000646.1	-	1170	1293	100	124
NT_028050.13	644	EXON	8529654	8529756	NM_000646.1	-	1294	1396	100	103
NT_028050.13	644	EXON	8529858	8529955	NM_000646.1	-	1397	1494	100	98
NT_028050.13	644	EXON	8530958	8531097	NM_000646.1	-	1495	1634	100	140
NT_028050.13	644	EXON	8532141	8532328	NM_000646.1	-	1635	1822	100	188
NT_028050.13	644	EXON	8534423	8534546	NM_000646.1	-	1823	1946	100	124
NT_028050.13	644	EXON	8535132	8535295	NM_000646.1	-	1947	2110	100	164
NT_028050.13	644	EXON	8535576	8535677	NM_000646.1	-	2111	2212	100	102
NT_028050.13	644	EXON	8535792	8535947	NM_000646.1	-	2213	2368	100	156
NT_028050.13	644	EXON	8536041	8536191	NM_000646.1	-	2369	2519	100	151
NT_028050.13	644	EXON	8538620	8538744	NM_000646.1	-	2520	2644	100	125
NT_028050.13	644	EXON	8538839	8538951	NM_000646.1	-	2645	2757	100	113
NT_028050.13	644	EXON	8539069	8539203	NM_000646.1	-	2758	2892	100	135
NT_028050.13	644	EXON	8542478	8542608	NM_000646.1	-	2893	3023	100	131
NT_028050.13	644	EXON	8545720	8545856	NM_000646.1	-	3024	3160	100	137
NT_028050.13	644	EXON	8546106	8546239	NM_000646.1	-	3161	3294	100	134
NT_028050.13	644	EXON	8546932	8547107	NM_000646.1	-	3295	3470	100	176
NT_028050.13	644	EXON	8550786	8550888	NM_000646.1	-	3471	3573	100	103
NT_028050.13	644	EXON	8555136	8555361	NM_000646.1	-	3574	3799	99.6	223
NT_028050.13	644	EXON	8557183	8557294	NM_000646.1	-	3800	3911	100	112
NT_028050.13	644	EXON	8565212	8565347	NM_000646.1	-	3912	4047	100	136
NT_028050.13	644	EXON	8566905	8567017	NM_000646.1	-	4048	4160	100	113
NT_028050.13	644	EXON	8568027	8568238	NM_000646.1	-	4161	4372	100	212
NT_028050.13	644	EXON	8569889	8569986	NM_000646.1	-	4373	4470	99	95
NT_028050.13	644	EXON	8570910	8570997	NM_000646.1	-	4471	4558	100	88
NT_028050.13	644	EXON	8571098	8571231	NM_000646.1	-	4559	4692	100	134
NT_028050.13	644	EXON	8576034	8578520	NM_000646.1	-	4693	7177	99.7	2445
NT_028050.13	5994	EXON	3897596	3897693	NM_015485.2	-	40	137	100	98
NT_028050.13	5994	EXON	3907589	3908093	NM_015485.2	-	138	642	99.6	499
NT_028050.13	5994	EXON	3909920	3910035	NM_015485.2	-	643	758	100	116
NT_028050.13	5994	EXON	3910134	3910601	NM_015485.2	-	759	1226	100	468
NT_028050.13	6252	EXON	9680275	9680183	NM_015958.1	-	1	93	100	93
NT_028050.13	6252	EXON	9679966	9679805	NM_015958.1	-	94	255	99.4	159
NT_028050.13	6252	EXON	9678155	9678139	NM_015958.1	-	256	273	72.2	-2
NT_028050.13	6252	GAP	225	-	NM_015958.1	-	274	498	-	-
NT_028050.13	6252	EXON	9676207	9676141	NM_015958.1	-	499	564	86.6	35
NT_028050.13	6252	EXON	9656044	9655967	NM_015958.1	-	565	642	100	78
NT_028050.13	6252	EXON	9649649	9649610	NM_015958.1	-	643	682	100	40
NT_028050.13	6252	EXON	9647240	9647137	NM_015958.1	-	683	786	100	104
NT_028050.13	6252	EXON	9645131	9644461	NM_015958.1	-	787	1457	100	671
NT_028050.13	6268	EXON	7316157	7316411	NM_015976.2	-	1	255	100	255
NT_028050.13	6268	EXON	7339385	7339567	NM_015976.2	-	256	438	100	183
NT_028050.13	6268	EXON	7345575	7345685	NM_015976.2	-	439	549	100	111
NT_028050.13	6268	EXON	7346035	7346199	NM_015976.2	-	550	714	100	165
NT_028050.13	6268	EXON	7350018	7350216	NM_015976.2	-	715	913	100	199
NT_028050.13	6268	EXON	7353206	7353405	NM_015976.2	-	914	1113	100	200
NT_028050.13	6268	EXON	7356317	7356403	NM_015976.2	-	1114	1200	100	87
NT_028050.13	6268	EXON	7392737	7392889	NM_015976.2	-	1201	1353	100	153
NT_028050.13	6268	EXON	7414554	7414998	NM_015976.2	-	1354	1798	100	445
NT_028050.13	6326	EXON	1843733	1843433	NM_016040.2	-	1	301	100	301
NT_028050.13	6326	EXON	1823605	1823508	NM_016040.2	-	302	399	100	98
NT_028050.13	6326	EXON	1819862	1819679	NM_016040.2	-	400	583	100	184
NT_028050.13	6326	EXON	1818267	1815229	NM_016040.2	-	584	3622	99.9	3033
NT_028050.13	7106	EXON	9644705	9646611	NM_017685.1	-	1	1906	99.8	1893
