metadata project=wgEncode grant=Myers lab=Test dataType=ChipSeq cell=K562 antibody=FOXP2 fragLength=225 setType=exp inputType=K562/Input view=Alignments replicate=1 dataVersion="ENCODE June 2010 Freeze" subId=0 dateSubmitted=2010-04-20 dateUnrestricted=2011-01-20 composite=wgEncodeTestChipSeq parentTable=wgEncodeTestChipSeqK562Foxp2AlnRep1 fileName=wgEncodeTestChipSeqK562Foxp2AlnRep1.tagAlign.gz
metadata project=wgEncode grant=Myers lab=Test dataType=ChipSeq cell=K562 antibody=FOXP2 setType=exp inputType=K562/Input view=Peaks dataVersion="ENCODE June 2010 Freeze" subId=0 dateSubmitted=2010-04-20 dateUnrestricted=2011-01-20 composite=wgEncodeTestChipSeq tableName=wgEncodeTestChipSeqK562Foxp2Pk fileName=wgEncodeTestChipSeqK562Foxp2Pk.broadPeak.gz
metadata project=wgEncode grant=Myers lab=Test dataType=ChipSeq cell=K562 antibody=FOXP2 setType=exp inputType=K562/Input view=RawData replicate=1 dataVersion="ENCODE June 2010 Freeze" subId=0 dateSubmitted=2010-04-20 dateUnrestricted=2011-01-20 composite=wgEncodeTestChipSeq parentTable=wgEncodeTestChipSeqK562Foxp2RawSignalRep1 fileName=wgEncodeTestChipSeqK562Foxp2RawDataRep1.fastq.gz
metadata project=wgEncode grant=Myers lab=Test dataType=ChipSeq cell=K562 antibody=FOXP2 type=wig fragLength=225 setType=exp inputType=K562/Input view=RawSignal replicate=1 dataVersion="ENCODE June 2010 Freeze" subId=0 dateSubmitted=2010-04-20 dateUnrestricted=2011-01-20 composite=wgEncodeTestChipSeq tableName=wgEncodeTestChipSeqK562Foxp2RawRep1 fileName=wgEncodeTestChipSeqK562Foxp2RawRep1.wig.gz
