file: encTestChipSeqAlignmentsRep1K562Foxp2.tagAlign.gz
cell: K562
antibody: FOXP2
replicate: 1
data RESTRICTED UNTIL: 2010-07-10

file: encTestChipSeqRawDataRep1K562Foxp2.fastq.gz
cell: K562
antibody: FOXP2
replicate: 1
data RESTRICTED UNTIL: 2010-07-10

