P15711	1
P15711	2
P15711	3
Q43495	4
P18646	5
P18646	4
P13813	6
P13813	1
P13813	3
P19084	7
P19084	8
P19084	4
P13744	7
P13744	4
P13744	9
P14914	1
P14914	10
P14914	11
P14914	12
P15256	13
P32234	14
P21215	15
P21215	16
P21215	17
P15455	7
P15455	8
P15455	4
P15456	7
P15456	8
P15456	4
O23878	7
O23878	4
O23878	8
O23880	7
O23880	4
O23880	8
Q9XFM4	7
Q9XFM4	18
Q9XFM4	4
Q9XFM4	8
P83004	7
P83004	8
