1	Iams K.P.
2	Young J.R.
3	Nene V.
4	Desai J.
5	Webster P.
6	Ole-Moiyoi O.K.
7	Musoke A.J.
8	Chen R.
9	Smith A.G.
10	Ishibashi N.
11	Yamauchi D.
12	Miniamikawa T.
13	Perler F.B.
14	Moon A.M.
15	Qiang B.Q.
16	Meda M.
17	Dalton M.
18	Card C.
19	Schmidt-Ullrich R.
20	Wallach D.
21	Lynch J.
22	Donelson J.E.
23	Vonder Haar R.A.
24	Allen R.D.
25	Cohen E.A.
26	Nessler C.L.
27	Thomas T.L.
28	Hayashi M.
29	Mori H.
30	Nishimura M.
31	Akazawa T.
32	Hara-Nishimura I.
33	Ohmiya M.
34	Hara I.
35	Mastubara H.
36	Gilmore R.D. Jr.
37	Joste N.
38	McDonald G.A.
39	Sommer K.A.
40	Petersen G.
41	Bautz E.K.F.
42	Braun M.
43	Luensdorf H.
44	Bueckmann A.F.
45	Reddy A.S.N.
46	Poovaiah B.W.
47	Pahl A.
48	Keller U.
49	Pang P.P.
50	Pruitt R.E.
51	Meyerowitz E.M.
52	Sato S.
53	Kotani H.
54	Nakamura Y.
55	Kaneko T.
56	Asamizu E.
57	Fukami M.
58	Miyajima N.
59	Tabata S.
60	Yamada K.
61	Lim J.
62	Dale J.M.
63	Chen H.
64	Shinn P.
65	Palm C.J.
66	Southwick A.M.
67	Wu H.C.
68	Kim C.J.
69	Nguyen M.
70	Pham P.K.
71	Cheuk R.F.
72	Karlin-Newmann G.
73	Liu S.X.
74	Lam B.
75	Sakano H.
76	Wu T.
77	Yu G.
78	Miranda M.
79	Quach H.L.
80	Tripp M.
81	Chang C.H.
82	Lee J.M.
83	Toriumi M.J.
84	Chan M.M.
85	Tang C.C.
86	Onodera C.S.
87	Deng J.M.
88	Akiyama K.
89	Ansari Y.
90	Arakawa T.
91	Banh J.
92	Banno F.
93	Bowser L.
94	Brooks S.Y.
95	Carninci P.
96	Chao Q.
97	Choy N.
98	Enju A.
99	Goldsmith A.D.
100	Gurjal M.
101	Hansen N.F.
102	Hayashizaki Y.
103	Johnson-Hopson C.
104	Hsuan V.W.
105	Iida K.
106	Karnes M.
107	Khan S.
108	Koesema E.
109	Ishida J.
110	Jiang P.X.
111	Jones T.
112	Kawai J.
113	Kamiya A.
114	Meyers C.
115	Nakajima M.
116	Narusaka M.
117	Seki M.
118	Sakurai T.
119	Satou M.
120	Tamse R.
121	Vaysberg M.
122	Wallender E.K.
123	Wong C.
124	Yamamura Y.
125	Yuan S.
126	Shinozaki K.
127	Davis R.W.
128	Theologis A.
129	Ecker J.R.
130	Raynal M.
131	Grellet F.
132	Laudie M.
133	Meyer Y.
134	Cooke R.
135	Delseny M.
136	Federspiel N.A.
137	Kaul S.
138	White O.
139	Alonso J.
140	Altafi H.
141	Araujo R.
142	Bowman C.L.
143	Buehler E.
144	Chan A.
145	Chin C.W.
146	Chung M.K.
147	Conn L.
148	Conway A.B.
149	Conway A.R.
150	Creasy T.H.
151	Dewar K.
152	Dunn P.
153	Etgu P.
154	Feldblyum T.V.
155	Feng J.-D.
156	Fong B.
157	Fujii C.Y.
158	Gill J.E.
159	Haas B.
160	Hughes B.
161	Huizar L.
162	Hunter J.L.
163	Jenkins J.
164	Khaykin E.
165	Koo H.L.
166	Kremenetskaia I.
167	Kurtz D.B.
168	Kwan A.
169	Langin-Hooper S.
170	Lee A.
171	Lenz C.A.
172	Li J.H.
173	Li Y.-P.
174	Lin X.
175	Liu Z.A.
176	Luros J.S.
177	Maiti R.
178	Marziali A.
179	Militscher J.
180	Nierman W.C.
181	Osborne B.I.
182	Pai G.
183	Peterson J.
184	Rizzo M.
185	Rooney T.
186	Rowley D.
187	Salzberg S.L.
188	Schwartz J.R.
189	Sun H.
190	Tallon L.J.
191	Tambunga G.
192	Town C.D.
193	Utterback T.
194	Van Aken S.
195	Vysotskaia V.S.
196	Walker M.
197	Wu D.
198	Fraser C.M.
199	Venter J.C.
200	Fujino K.
201	Funatsuki H.
202	Inada M.
203	Shimono Y.
204	Kikuta Y.
205	Nair A.
206	Ohmoto T.
207	Woo S.H.
208	Adachi T.
209	Bharali S.
210	Chrungoo N.K.
211	Rout M.K.
212	Rao K.S.
