1	P15711	1	1
2	Q43495	2	1
3	P18646	3	1
4	P13813	4	1
5	P19084	5	1
6	P13744	6	1
7	P13744	7	2
8	P14914	8	1
9	P15256	9	1
10	P32234	10	1
11	P21215	11	3
12	Q05349	12	1
13	P80438	13	3
14	P15455	14	1
15	P15455	15	1
16	P15455	16	1
17	P15455	17	4
18	P15456	14	1
19	P15456	18	1
20	P15456	19	1
21	P15456	17	5
22	O23878	20	6
23	O23880	20	1
24	Q9XFM4	21	1
25	Q9XFM4	22	7
26	P83004	23	8
27	P83004	24	9
