1	1	1
2	1	2
2	2	3
3	2	4
6	1	5
8	1	6
9	1	7
11	1	8
11	2	9
13	1	10
14	1	11
15	1	11
16	1	11
17	1	10
18	1	11
19	1	11
20	1	11
21	1	12
21	2	13
22	1	12
22	2	13
23	1	14
25	1	15
25	2	16
