1	SUBCELLULAR LOCATION
2	DEVELOPMENTAL STAGE
3	TISSUE SPECIFICITY
4	SIMILARITY
5	FUNCTION
6	SUBUNIT
7	MISCELLANEOUS
8	CATALYTIC ACTIVITY
9	INDUCTION
10	ALLERGEN
