P15711	1	1
P15711	2	2
Q43495	3	3
Q43495	4	4
P18646	5	5
P18646	4	6
P19084	5	7
P19084	6	8
P19084	4	9
P13744	5	7
P13744	6	8
P13744	4	9
P14914	5	10
P14914	1	11
P14914	7	12
P14914	4	13
P32234	4	14
P21215	5	15
P21215	8	16
P21215	6	17
P21215	7	18
Q05349	9	19
P15455	5	7
P15455	6	8
P15455	4	9
P15456	5	7
P15456	6	8
P15456	4	9
O23878	5	20
O23878	6	21
O23878	3	22
O23878	2	23
O23878	7	24
O23878	4	9
O23880	5	20
O23880	6	21
O23880	7	24
O23880	4	9
Q9XFM4	5	20
Q9XFM4	6	21
Q9XFM4	10	25
Q9XFM4	4	9
P83004	5	26
P83004	6	21
P83004	3	27
P83004	4	9
