1	DOMAIN
2	SIGNAL
3	CHAIN
4	DISULFID
5	NON_TER
6	MOD_RES
7	CONFLICT
8	NP_BIND
