P19084	HAG3
P14914	P120
P32234	128UP
P32234	GTP-BP
P15455	CRA1
P15455	AT5G44120
P15455	MLN1.4
P15456	CRB
P15456	AT1G03880
P15456	F21M11.19
O23878	FA02
O23880	FA18
Q9XFM4	FAGAG1
