P19084	HAG3
P14914	P120
P32234	128UP OR GTP-BP
P15455	CRA1 OR AT5G44120 OR MLN1.4
P15456	CRB OR AT1G03880 OR F21M11.19
O23878	FA02
O23880	FA18
Q9XFM4	FAGAG1
