1	Antigen
2	Sporozoite
3	Repeat
4	Signal
5	Germination
6	Malaria
7	Seed storage protein
8	Multigene family
9	Pyrrolidone carboxylic acid
10	Glycoprotein
11	Cell wall
12	S-layer
13	Plasmid
14	GTP-binding
15	Bile acid catabolism
16	Oxidoreductase
17	NADP
18	Allergen
