1	Muguga
2	cv. VF36
3	Anther
4	Cotyledon
5	cv. Kurokawa Amakuri Nankin
6	R
7	ATCC 10988 / ZM1
8	Oregon-R
9	cv. Ozark Beauty
10	Flower
11	cv. Landsberg erecta
12	cv. Columbia
13	cv. Kitayuki
14	Immature seed
15	cv. Miyazaki zairai
16	cv. BDS-1354
17	Endosperm
