1	Characterisation of the gene encoding a 104-kilodalton microneme- rhoptry protein of Theileria parva.	Mol. Biochem. Parasitol. 39:47-60(1990).	1689460	90158697
2	Nucleotide sequence of a stamen- and tapetum-specific gene from Lycopersicon esculentum.	Plant Physiol. 101:1413-1413(1993).	8310077	94143497
3	Stored mRNA in cotyledons of Vigna unguiculata seeds: nucleotide sequence of cloned cDNA for a stored mRNA and induction of its synthesis by precocious germination.	Plant Mol. Biol. 15:59-64(1990).	2103443	91355865
4	Cloning and characterization of an abundant Plasmodium knowlesi antigen which cross reacts with Gambian sera.	Mol. Biochem. Parasitol. 25:185-193(1987).	2444886	88039002
5	Organization of the sunflower 11S storage protein gene family.	Gene 74:433-443(1988).	2469623	89232734
6	Nucleotide sequence of cloned cDNA coding for pumpkin 11-S globulin beta subunit.	Eur. J. Biochem. 172:627-632(1988).	2450746	88166744
7	Pumpkin (Cucurbita sp.) seed globulin IV. Terminal sequences of the acidic and basic peptide chains and identification of a pyroglutamyl peptide chain.	Plant Cell Physiol. 21:157-167(1980).		
8	Cloning, expression and sequence analysis of the gene encoding the 120 kD surface-exposed protein of Rickettsia rickettsii.	Mol. Microbiol. 3:1579-1586(1989).	2515418	90136087
9	The nucleotide sequence of the 2.7 kilobase pair plasmid of Zymomonas mobilis ATCC 10988.	J. Biotechnol. 12:63-70(1989).		
10	The gene upstream of DmRP128 codes for a novel GTP-binding protein of Drosophila melanogaster.	Mol. Gen. Genet. 242:391-398(1994).	8121394	94166747
11	12 alpha-hydroxysteroid dehydrogenase from Clostridium group P, strain C 48-50. Production, purification and characterization.	Eur. J. Biochem. 196:439-450(1991).	2007406	91177018
12	Molecular cloning and sequencing of a cDNA for an auxin-repressed mRNA: correlation between fruit growth and repression of the auxin-regulated gene.	Plant Mol. Biol. 14:127-136(1990).	2101687	91329668
13		Submitted (MAR-1995) to Swiss-Prot.		
14	Molecular cloning, genome organization, expression and evolution of 12S seed storage protein genes of Arabidopsis thaliana.	Plant Mol. Biol. 11:805-820(1988).		
15	Structural analysis of Arabidopsis thaliana chromosome 5. I. Sequence features of the 1.6 Mb regions covered by twenty physically assigned P1 clones.	DNA Res. 4:215-230(1997).	9330910	97471969
16	RIKEN Arabidopsis full length cDNA clones (RAFLs) sequenced by the SSP consortium (Salk/Stanford/PGEC).	Submitted (DEC-2001) to the EMBL/GenBank/DDBJ databases.		
17		Submitted (OCT-1992) to the EMBL/GenBank/DDBJ databases.		
18	Sequence and analysis of chromosome 1 of the plant Arabidopsis thaliana.	Nature 408:816-820(2000).	11130712	21016719
19	RIKEN Arabidopsis full length cDNA clones (RAFLs) sequenced by the SSP consortium (Salk/Stanford/PGEC).	Submitted (MAR-2002) to the EMBL/GenBank/DDBJ databases.		
20	Expression, cloning, and immunological analysis of buckwheat (Fagopyrum esculentum Moench) seed storage proteins.	J. Agric. Food Chem. 49:1825-1829(2001).	11308332	21205935
21	A molecular-genetic approach for hypoallergenic buckwheat.	Fagopyrum 16:29-36(1999).		
22	Genomic DNA sequence of the major allergenic protein in buckwheat (Fagopyrum esculentum).	Submitted (DEC-1999) to the EMBL/GenBank/DDBJ databases.		
23	Amino acid sequence of the 26 kDa subunit of legumin-type seed storage protein of common buckwheat (Fagopyrum esculentum Moench): molecular characterization and phylogenetic analysis.	Phytochemistry 63:1-5(2003).	12657290	22545158
24	Amino acid sequence of the basic subunit of 13S globulin of buckwheat.	Phytochemistry 45:865-867(1997).	9214774	97357448
